0. vagrant(1.6.5),virtualbox(4.3.16) are to be installed.

1. To check the version of the vagrant
vagrant -v

2. check the available vagrant images in the url

https://vagrantcloud.com/
https://vagrantcloud.com/discover/featured

3. Add the image name listed in the above url to the vagrant/virtualbox
vagrant box add ubuntu/trusty64

4.Initialize the image, this will create Vagrantfile in the current working directory
vagrant init ubuntu/trusty64

5.Up the vagrant VM
vagrant up

5a.To check the available VMs
vagrant box list

6.SSH to the VM,play inside VM
vagrant ssh

7.exit from the VM

8.Reload the VM
vagrant reload

9.Connect to the VM using the ssh

10.vagrant ssh

play in the VM :)

Note: While VM is up and running check the vm is up and running in the Virtualbox UI
11. configuring public network
Edit Vagrantfile to enable public network 'config.vm.network "public_network"'

12. Packaging the modified VM

[root@buildserver vagrant]# VBoxManage list vms 
"vagrant_default_1413801015351_30090" {94cbb97c-3dab-4c9d-9254-59f61d56b37d}
"docker-host-23ca11b31e6b44404acf1eeff99862db2a89c115c0b091065411840aab0e8f6b" {58783ec5-9999-4efe-8aa2-fa8a0f6fa0b5}
"docker-host-45934e17026ca588eae2bdeea07d384c394beba0877456de4b63c649dc25138d" {51d28f58-8cdf-4c46-96d1-bcf70f36b757}
"docker-host-5dceb1e57743dc953a22da3da3ee4457a2f44b5b71cedd0761698323e5d30ad3" {75e42418-75e6-4c04-8d6a-5b49360013af}
"precise64_default_1418130007870_55258" {7e9b518d-4dd9-4a31-b512-c349feb2d1f2}
"trusty64_default_1418130978046_48127" {402a9ea9-0b54-4666-8b0d-64e473027890}

[root@buildserver precise64]# vagrant package --base hashicorp/precise64 
==> hashicorp/precise64: VM not created. Moving on...
[root@buildserver precise64]# vagrant package --base my-virtual-machine 
==> my-virtual-machine: VM not created. Moving on...
[root@buildserver precise64]# vagrant package --base precise64_default_1418130007870_55258
==> precise64_default_1418130007870_55258: Clearing any previously set forwarded ports...
==> precise64_default_1418130007870_55258: Exporting VM...
==> precise64_default_1418130007870_55258: Compressing package to: /root/Desktop/vagrant/precise64/package.box
[root@buildserver precise64]# ls
package.box  Vagrantfile

13. Loading the packaged VM
[root@buildserver precise64]# vagrant box add package.box --name "packaged_precise64"
==> box: Adding box 'packaged_precise64' (v0) for provider: 
    box: Downloading: file:///root/Desktop/vagrant/precise64/package.box
==> box: Successfully added box 'packaged_precise64' (v0) for 'virtualbox'!

[root@buildserver precise64]# cd ../
[root@buildserver vagrant]# mkdir packaged_precise64 
[root@buildserver vagrant]# cd packaged_precise64/ 
[root@buildserver packaged_precise64]# vagrant init packaged_precise64 
A `Vagrantfile` has been placed in this directory. You are now ready to `vagrant up` your first virtual environment! Please read the comments in the Vagrantfile as well as documentation on `vagrantup.com` for more information on using Vagrant.
[root@buildserver packaged_precise64]# vagrant up 
Bringing machine 'default' up with 'virtualbox' provider...
==> default: Importing base box 'packaged_precise64'...
==> default: Matching MAC address for NAT networking...
==> default: Setting the name of the VM: packaged_precise64_default_1418280075899_7604
==> default: Clearing any previously set network interfaces...
==> default: Preparing network interfaces based on configuration...
    default: Adapter 1: nat
==> default: Forwarding ports...
    default: 22 => 2222 (adapter 1)
==> default: Booting VM...
==> default: Waiting for machine to boot. This may take a few minutes...
    default: SSH address: 127.0.0.1:2222
    default: SSH username: vagrant
    default: SSH auth method: private key
    default: Warning: Connection timeout. Retrying...
    default: Warning: Connection timeout. Retrying...
==> default: Machine booted and ready!
==> default: Checking for guest additions in VM...
    default: The guest additions on this VM do not match the installed version of
    default: VirtualBox! In most cases this is fine, but in rare cases it can
    default: prevent things such as shared folders from working properly. If you see
    default: shared folder errors, please make sure the guest additions within the
    default: virtual machine match the version of VirtualBox you have installed on
    default: your host and reload your VM.
    default: 
    default: Guest Additions Version: 4.2.0
    default: VirtualBox Version: 4.3
==> default: Mounting shared folders...
    default: /vagrant => /root/Desktop/vagrant/packaged_precise64

[root@buildserver ~]# vagrant global-status
id       name    provider   state    directory
------------------------------------------------------------------------------
72d8a82  default virtualbox poweroff /root/Desktop/vagrant
f4e631b  default virtualbox running  /root/Desktop/vagrant/precise64
8440f6d  default virtualbox running  /root/Desktop/vagrant/trusty64
3312539  default virtualbox running  /root/Desktop/vagrant/packaged_precise64
[root@buildserver ~]# vagrant up 3312539
Bringing machine 'default' up with 'virtualbox' provider...
==> default: Clearing any previously set forwarded ports...
==> default: Clearing any previously set network interfaces...
==> default: Preparing network interfaces based on configuration...
    default: Adapter 1: nat
==> default: Forwarding ports...
    default: 22 => 2222 (adapter 1)
==> default: Booting VM...
==> default: Waiting for machine to boot. This may take a few minutes...
    default: SSH address: 127.0.0.1:2222
    default: SSH username: vagrant
    default: SSH auth method: private key
    default: Warning: Connection timeout. Retrying...
==> default: Machine booted and ready!
==> default: Checking for guest additions in VM...
    default: The guest additions on this VM do not match the installed version of
    default: VirtualBox! In most cases this is fine, but in rare cases it can
    default: prevent things such as shared folders from working properly. If you see
    default: shared folder errors, please make sure the guest additions within the
    default: virtual machine match the version of VirtualBox you have installed on
    default: your host and reload your VM.
    default:
    default: Guest Additions Version: 4.2.0
    default: VirtualBox Version: 4.3
==> default: Mounting shared folders...
    default: /vagrant => /root/Desktop/vagrant/packaged_precise64
==> default: Machine already provisioned. Run `vagrant provision` or use the `--provision`
==> default: to force provisioning. Provisioners marked to run always will still run.
[root@buildserver ~]# vagrant ssh 3312539
Welcome to Ubuntu 12.04 LTS (GNU/Linux 3.2.0-23-generic x86_64)

 * Documentation:  https://help.ubuntu.com/
New release '14.04.1 LTS' available.
Run 'do-release-upgrade' to upgrade to it.

Welcome to your Vagrant-built virtual machine.
Last login: Thu Dec 10 08:50:29 2015 from 10.0.2.2
vagrant@precise64:~$ logout
Connection to 127.0.0.1 closed.
[root@buildserver ~]#


